2026-03-05 17:57:42,877 | WARNING | Hybrid_hpc_utils:16 | 🔍 Logging initialized in hpc_utils.py
2026-03-05 17:57:44,449 | WARNING | Fitter:20 | 🔍 Logging initialized in Fitter.py
2026-03-05 17:57:44,764 | WARNING | Gradient_free_Opt:17 | 🔍 Logging initialized in Gradient_free_Opt.py
2026-03-05 18:02:53,079 | WARNING | Hybrid_hpc_utils:16 | 🔍 Logging initialized in hpc_utils.py
2026-03-05 18:02:54,814 | WARNING | Fitter:20 | 🔍 Logging initialized in Fitter.py
2026-03-05 18:02:55,122 | WARNING | Gradient_free_Opt:17 | 🔍 Logging initialized in Gradient_free_Opt.py
2026-03-05 18:04:00,884 | WARNING | Hybrid_hpc_utils:16 | 🔍 Logging initialized in hpc_utils.py
2026-03-05 18:04:02,485 | WARNING | Fitter:20 | 🔍 Logging initialized in Fitter.py
2026-03-05 18:04:02,875 | WARNING | Gradient_free_Opt:17 | 🔍 Logging initialized in Gradient_free_Opt.py
2026-03-05 18:06:04,768 | WARNING | Hybrid_hpc_utils:16 | 🔍 Logging initialized in hpc_utils.py
2026-03-05 18:06:06,149 | WARNING | Fitter:20 | 🔍 Logging initialized in Fitter.py
2026-03-05 18:06:06,388 | WARNING | Gradient_free_Opt:17 | 🔍 Logging initialized in Gradient_free_Opt.py
2026-03-05 18:54:37,604 | WARNING | Hybrid_hpc_utils:16 | 🔍 Logging initialized in hpc_utils.py
2026-03-05 18:54:39,200 | WARNING | Fitter:20 | 🔍 Logging initialized in Fitter.py
2026-03-05 18:54:39,541 | WARNING | Gradient_free_Opt:17 | 🔍 Logging initialized in Gradient_free_Opt.py
2026-03-05 19:21:23,210 | WARNING | Hybrid_hpc_utils:16 | 🔍 Logging initialized in hpc_utils.py
2026-03-05 19:21:24,671 | WARNING | Fitter:20 | 🔍 Logging initialized in Fitter.py
2026-03-05 19:21:24,939 | WARNING | Gradient_free_Opt:17 | 🔍 Logging initialized in Gradient_free_Opt.py
2026-03-05 19:23:57,559 | WARNING | Hybrid_hpc_utils:16 | 🔍 Logging initialized in hpc_utils.py
2026-03-05 19:23:58,952 | WARNING | Fitter:20 | 🔍 Logging initialized in Fitter.py
2026-03-05 19:23:59,201 | WARNING | Gradient_free_Opt:17 | 🔍 Logging initialized in Gradient_free_Opt.py
2026-03-05 19:25:44,014 | WARNING | Hybrid_hpc_utils:16 | 🔍 Logging initialized in hpc_utils.py
2026-03-05 19:25:45,693 | WARNING | Fitter:20 | 🔍 Logging initialized in Fitter.py
2026-03-05 19:25:45,999 | WARNING | Gradient_free_Opt:17 | 🔍 Logging initialized in Gradient_free_Opt.py
2026-03-05 19:26:42,430 | WARNING | Hybrid_hpc_utils:16 | 🔍 Logging initialized in hpc_utils.py
2026-03-05 19:26:43,949 | WARNING | Fitter:20 | 🔍 Logging initialized in Fitter.py
2026-03-05 19:26:44,227 | WARNING | Gradient_free_Opt:17 | 🔍 Logging initialized in Gradient_free_Opt.py
2026-03-05 19:27:45,918 | WARNING | Hybrid_hpc_utils:16 | 🔍 Logging initialized in hpc_utils.py
2026-03-05 19:27:47,543 | WARNING | Fitter:20 | 🔍 Logging initialized in Fitter.py
2026-03-05 19:27:47,900 | WARNING | Gradient_free_Opt:17 | 🔍 Logging initialized in Gradient_free_Opt.py
2026-03-05 19:30:27,920 | WARNING | Hybrid_hpc_utils:16 | 🔍 Logging initialized in hpc_utils.py
2026-03-05 19:30:29,471 | WARNING | Fitter:20 | 🔍 Logging initialized in Fitter.py
2026-03-05 19:30:29,729 | WARNING | Gradient_free_Opt:17 | 🔍 Logging initialized in Gradient_free_Opt.py
2026-03-05 19:33:23,562 | WARNING | Hybrid_hpc_utils:16 | 🔍 Logging initialized in hpc_utils.py
2026-03-05 19:33:24,900 | WARNING | Fitter:20 | 🔍 Logging initialized in Fitter.py
2026-03-05 19:33:25,158 | WARNING | Gradient_free_Opt:17 | 🔍 Logging initialized in Gradient_free_Opt.py
2026-03-05 20:20:15,251 | WARNING | Hybrid_hpc_utils:16 | 🔍 Logging initialized in hpc_utils.py
2026-03-05 20:20:16,792 | WARNING | Fitter:20 | 🔍 Logging initialized in Fitter.py
2026-03-05 20:20:17,068 | WARNING | Gradient_free_Opt:17 | 🔍 Logging initialized in Gradient_free_Opt.py
2026-03-05 20:43:10,259 | WARNING | Hybrid_hpc_utils:16 | 🔍 Logging initialized in hpc_utils.py
2026-03-05 20:43:11,784 | WARNING | Fitter:20 | 🔍 Logging initialized in Fitter.py
2026-03-05 20:43:12,090 | WARNING | Gradient_free_Opt:17 | 🔍 Logging initialized in Gradient_free_Opt.py
2026-03-05 20:43:35,356 | WARNING | Hybrid_hpc_utils:16 | 🔍 Logging initialized in hpc_utils.py
2026-03-05 20:43:36,838 | WARNING | Fitter:20 | 🔍 Logging initialized in Fitter.py
2026-03-05 20:43:37,101 | WARNING | Gradient_free_Opt:17 | 🔍 Logging initialized in Gradient_free_Opt.py
2026-03-05 20:50:03,237 | WARNING | Hybrid_hpc_utils:16 | 🔍 Logging initialized in hpc_utils.py
2026-03-05 20:50:04,725 | WARNING | Fitter:20 | 🔍 Logging initialized in Fitter.py
2026-03-05 20:50:04,998 | WARNING | Gradient_free_Opt:17 | 🔍 Logging initialized in Gradient_free_Opt.py
2026-03-05 20:52:34,809 | WARNING | Hybrid_hpc_utils:16 | 🔍 Logging initialized in hpc_utils.py
2026-03-05 20:52:36,184 | WARNING | Fitter:20 | 🔍 Logging initialized in Fitter.py
2026-03-05 20:52:36,442 | WARNING | Gradient_free_Opt:17 | 🔍 Logging initialized in Gradient_free_Opt.py
2026-03-05 20:56:25,806 | WARNING | Hybrid_hpc_utils:16 | 🔍 Logging initialized in hpc_utils.py
2026-03-05 20:56:27,053 | WARNING | Fitter:20 | 🔍 Logging initialized in Fitter.py
2026-03-05 20:56:27,281 | WARNING | Gradient_free_Opt:17 | 🔍 Logging initialized in Gradient_free_Opt.py
2026-03-05 20:57:02,476 | WARNING | Hybrid_hpc_utils:16 | 🔍 Logging initialized in hpc_utils.py
2026-03-05 20:57:03,846 | WARNING | Fitter:20 | 🔍 Logging initialized in Fitter.py
2026-03-05 20:57:04,098 | WARNING | Gradient_free_Opt:17 | 🔍 Logging initialized in Gradient_free_Opt.py
2026-03-05 20:58:40,018 | WARNING | Hybrid_hpc_utils:16 | 🔍 Logging initialized in hpc_utils.py
2026-03-05 20:58:41,330 | WARNING | Fitter:20 | 🔍 Logging initialized in Fitter.py
2026-03-05 20:58:41,576 | WARNING | Gradient_free_Opt:17 | 🔍 Logging initialized in Gradient_free_Opt.py
2026-03-05 21:03:34,104 | WARNING | Hybrid_hpc_utils:16 | 🔍 Logging initialized in hpc_utils.py
2026-03-05 21:03:35,877 | WARNING | Fitter:20 | 🔍 Logging initialized in Fitter.py
2026-03-05 21:03:36,182 | WARNING | Gradient_free_Opt:17 | 🔍 Logging initialized in Gradient_free_Opt.py
2026-03-05 21:16:35,071 | WARNING | Fitter:269 | post_correct_update_matrix: fit_Psych_curve returned None at interval 0, filling with NaNs
2026-03-05 22:25:12,262 | WARNING | Hybrid_hpc_utils:16 | 🔍 Logging initialized in hpc_utils.py
2026-03-05 22:25:13,834 | WARNING | Fitter:20 | 🔍 Logging initialized in Fitter.py
2026-03-05 22:25:14,122 | WARNING | Gradient_free_Opt:17 | 🔍 Logging initialized in Gradient_free_Opt.py
2026-03-05 22:32:05,994 | WARNING | Hybrid_hpc_utils:16 | 🔍 Logging initialized in hpc_utils.py
2026-03-05 22:32:07,434 | WARNING | Fitter:20 | 🔍 Logging initialized in Fitter.py
2026-03-05 22:32:07,689 | WARNING | Gradient_free_Opt:17 | 🔍 Logging initialized in Gradient_free_Opt.py
2026-03-05 22:40:30,078 | WARNING | Hybrid_hpc_utils:16 | 🔍 Logging initialized in hpc_utils.py
2026-03-05 22:40:31,594 | WARNING | Fitter:20 | 🔍 Logging initialized in Fitter.py
2026-03-05 22:40:31,903 | WARNING | Gradient_free_Opt:17 | 🔍 Logging initialized in Gradient_free_Opt.py
2026-03-05 23:13:29,070 | WARNING | Hybrid_hpc_utils:16 | 🔍 Logging initialized in hpc_utils.py
2026-03-05 23:13:33,233 | WARNING | Fitter:20 | 🔍 Logging initialized in Fitter.py
2026-03-05 23:13:33,722 | WARNING | Gradient_free_Opt:17 | 🔍 Logging initialized in Gradient_free_Opt.py
2026-03-05 23:33:28,841 | WARNING | Hybrid_hpc_utils:16 | 🔍 Logging initialized in hpc_utils.py
2026-03-05 23:33:35,408 | WARNING | Fitter:20 | 🔍 Logging initialized in Fitter.py
2026-03-05 23:33:36,188 | WARNING | Gradient_free_Opt:17 | 🔍 Logging initialized in Gradient_free_Opt.py
2026-03-05 23:41:19,430 | WARNING | Hybrid_hpc_utils:16 | 🔍 Logging initialized in hpc_utils.py
2026-03-05 23:41:21,027 | WARNING | Fitter:20 | 🔍 Logging initialized in Fitter.py
2026-03-05 23:41:21,310 | WARNING | Gradient_free_Opt:17 | 🔍 Logging initialized in Gradient_free_Opt.py
2026-03-05 23:56:10,946 | WARNING | Hybrid_hpc_utils:16 | 🔍 Logging initialized in hpc_utils.py
2026-03-05 23:56:12,353 | WARNING | Fitter:20 | 🔍 Logging initialized in Fitter.py
2026-03-05 23:56:12,612 | WARNING | Gradient_free_Opt:17 | 🔍 Logging initialized in Gradient_free_Opt.py
2026-03-06 00:13:01,922 | WARNING | Hybrid_hpc_utils:16 | 🔍 Logging initialized in hpc_utils.py
2026-03-06 00:13:04,470 | WARNING | Fitter:20 | 🔍 Logging initialized in Fitter.py
2026-03-06 00:13:05,146 | WARNING | Gradient_free_Opt:17 | 🔍 Logging initialized in Gradient_free_Opt.py
2026-03-06 00:13:37,230 | WARNING | Hybrid_hpc_utils:16 | 🔍 Logging initialized in hpc_utils.py
2026-03-06 00:13:38,960 | WARNING | Fitter:20 | 🔍 Logging initialized in Fitter.py
2026-03-06 00:13:39,270 | WARNING | Gradient_free_Opt:17 | 🔍 Logging initialized in Gradient_free_Opt.py
2026-03-06 00:16:04,221 | WARNING | Hybrid_hpc_utils:16 | 🔍 Logging initialized in hpc_utils.py
2026-03-06 00:16:06,376 | WARNING | Fitter:20 | 🔍 Logging initialized in Fitter.py
2026-03-06 00:16:06,790 | WARNING | Gradient_free_Opt:17 | 🔍 Logging initialized in Gradient_free_Opt.py
2026-03-06 00:36:06,297 | WARNING | Hybrid_hpc_utils:16 | 🔍 Logging initialized in hpc_utils.py
2026-03-06 00:36:19,253 | WARNING | Fitter:20 | 🔍 Logging initialized in Fitter.py
2026-03-06 00:36:20,553 | WARNING | Gradient_free_Opt:17 | 🔍 Logging initialized in Gradient_free_Opt.py
2026-03-06 00:41:07,741 | WARNING | Hybrid_hpc_utils:16 | 🔍 Logging initialized in hpc_utils.py
2026-03-06 00:41:09,614 | WARNING | Fitter:20 | 🔍 Logging initialized in Fitter.py
2026-03-06 00:41:09,983 | WARNING | Gradient_free_Opt:17 | 🔍 Logging initialized in Gradient_free_Opt.py
2026-03-06 01:20:36,956 | WARNING | Hybrid_hpc_utils:16 | 🔍 Logging initialized in hpc_utils.py
2026-03-06 01:20:38,504 | WARNING | Fitter:20 | 🔍 Logging initialized in Fitter.py
2026-03-06 01:20:38,803 | WARNING | Gradient_free_Opt:17 | 🔍 Logging initialized in Gradient_free_Opt.py
2026-03-06 01:43:36,295 | WARNING | Hybrid_hpc_utils:16 | 🔍 Logging initialized in hpc_utils.py
2026-03-06 01:43:37,863 | WARNING | Fitter:20 | 🔍 Logging initialized in Fitter.py
2026-03-06 01:43:38,142 | WARNING | Gradient_free_Opt:17 | 🔍 Logging initialized in Gradient_free_Opt.py
2026-03-06 01:44:19,746 | WARNING | Hybrid_hpc_utils:16 | 🔍 Logging initialized in hpc_utils.py
2026-03-06 01:44:21,430 | WARNING | Fitter:20 | 🔍 Logging initialized in Fitter.py
2026-03-06 01:44:21,752 | WARNING | Gradient_free_Opt:17 | 🔍 Logging initialized in Gradient_free_Opt.py
2026-03-06 01:48:55,204 | WARNING | Hybrid_hpc_utils:16 | 🔍 Logging initialized in hpc_utils.py
2026-03-06 01:48:56,818 | WARNING | Fitter:20 | 🔍 Logging initialized in Fitter.py
2026-03-06 01:48:57,133 | WARNING | Gradient_free_Opt:17 | 🔍 Logging initialized in Gradient_free_Opt.py
2026-03-06 02:04:25,902 | WARNING | Hybrid_hpc_utils:16 | 🔍 Logging initialized in hpc_utils.py
2026-03-06 02:04:27,463 | WARNING | Fitter:20 | 🔍 Logging initialized in Fitter.py
2026-03-06 02:04:27,785 | WARNING | Gradient_free_Opt:17 | 🔍 Logging initialized in Gradient_free_Opt.py
2026-03-06 02:09:59,264 | WARNING | Hybrid_hpc_utils:16 | 🔍 Logging initialized in hpc_utils.py
2026-03-06 02:10:04,249 | WARNING | Fitter:20 | 🔍 Logging initialized in Fitter.py
2026-03-06 02:10:05,370 | WARNING | Gradient_free_Opt:17 | 🔍 Logging initialized in Gradient_free_Opt.py
2026-03-06 02:10:17,579 | WARNING | Hybrid_hpc_utils:16 | 🔍 Logging initialized in hpc_utils.py
2026-03-06 02:10:22,588 | WARNING | Fitter:20 | 🔍 Logging initialized in Fitter.py
2026-03-06 02:10:23,678 | WARNING | Gradient_free_Opt:17 | 🔍 Logging initialized in Gradient_free_Opt.py
2026-03-06 02:12:43,244 | WARNING | Hybrid_hpc_utils:16 | 🔍 Logging initialized in hpc_utils.py
2026-03-06 02:12:44,667 | WARNING | Fitter:20 | 🔍 Logging initialized in Fitter.py
2026-03-06 02:12:44,965 | WARNING | Gradient_free_Opt:17 | 🔍 Logging initialized in Gradient_free_Opt.py
2026-03-06 02:15:29,472 | WARNING | Hybrid_hpc_utils:16 | 🔍 Logging initialized in hpc_utils.py
2026-03-06 02:15:31,041 | WARNING | Fitter:20 | 🔍 Logging initialized in Fitter.py
2026-03-06 02:15:31,346 | WARNING | Gradient_free_Opt:17 | 🔍 Logging initialized in Gradient_free_Opt.py
2026-03-06 02:20:19,802 | WARNING | Hybrid_hpc_utils:16 | 🔍 Logging initialized in hpc_utils.py
2026-03-06 02:20:21,313 | WARNING | Fitter:20 | 🔍 Logging initialized in Fitter.py
2026-03-06 02:20:21,599 | WARNING | Gradient_free_Opt:17 | 🔍 Logging initialized in Gradient_free_Opt.py
2026-03-06 02:25:21,925 | WARNING | Fitter:269 | post_correct_update_matrix: fit_Psych_curve returned None at interval 6, filling with NaNs
2026-03-06 02:38:11,682 | WARNING | Hybrid_hpc_utils:16 | 🔍 Logging initialized in hpc_utils.py
2026-03-06 02:38:13,302 | WARNING | Fitter:20 | 🔍 Logging initialized in Fitter.py
2026-03-06 02:38:13,627 | WARNING | Gradient_free_Opt:17 | 🔍 Logging initialized in Gradient_free_Opt.py
2026-03-06 02:52:41,785 | WARNING | Hybrid_hpc_utils:16 | 🔍 Logging initialized in hpc_utils.py
2026-03-06 02:52:43,413 | WARNING | Fitter:20 | 🔍 Logging initialized in Fitter.py
2026-03-06 02:52:43,723 | WARNING | Gradient_free_Opt:17 | 🔍 Logging initialized in Gradient_free_Opt.py
2026-03-06 02:53:50,634 | WARNING | Hybrid_hpc_utils:16 | 🔍 Logging initialized in hpc_utils.py
2026-03-06 02:53:52,188 | WARNING | Fitter:20 | 🔍 Logging initialized in Fitter.py
2026-03-06 02:53:52,481 | WARNING | Gradient_free_Opt:17 | 🔍 Logging initialized in Gradient_free_Opt.py
2026-03-06 03:00:15,763 | WARNING | Fitter:269 | post_correct_update_matrix: fit_Psych_curve returned None at interval 1, filling with NaNs
2026-03-06 03:02:13,757 | WARNING | Fitter:269 | post_correct_update_matrix: fit_Psych_curve returned None at interval 4, filling with NaNs
2026-03-06 03:07:05,638 | WARNING | Fitter:269 | post_correct_update_matrix: fit_Psych_curve returned None at interval 1, filling with NaNs
2026-03-06 03:12:06,688 | WARNING | Hybrid_hpc_utils:16 | 🔍 Logging initialized in hpc_utils.py
2026-03-06 03:12:08,532 | WARNING | Fitter:20 | 🔍 Logging initialized in Fitter.py
2026-03-06 03:12:08,843 | WARNING | Gradient_free_Opt:17 | 🔍 Logging initialized in Gradient_free_Opt.py
2026-03-06 03:14:34,276 | WARNING | Hybrid_hpc_utils:16 | 🔍 Logging initialized in hpc_utils.py
2026-03-06 03:14:35,735 | WARNING | Fitter:20 | 🔍 Logging initialized in Fitter.py
2026-03-06 03:14:35,983 | WARNING | Gradient_free_Opt:17 | 🔍 Logging initialized in Gradient_free_Opt.py
2026-03-06 03:15:08,873 | WARNING | Hybrid_hpc_utils:16 | 🔍 Logging initialized in hpc_utils.py
2026-03-06 03:15:10,435 | WARNING | Fitter:20 | 🔍 Logging initialized in Fitter.py
2026-03-06 03:15:10,718 | WARNING | Gradient_free_Opt:17 | 🔍 Logging initialized in Gradient_free_Opt.py
2026-03-06 03:22:32,723 | WARNING | Hybrid_hpc_utils:16 | 🔍 Logging initialized in hpc_utils.py
2026-03-06 03:22:34,358 | WARNING | Fitter:20 | 🔍 Logging initialized in Fitter.py
2026-03-06 03:22:34,677 | WARNING | Gradient_free_Opt:17 | 🔍 Logging initialized in Gradient_free_Opt.py
2026-03-06 03:25:43,944 | WARNING | Fitter:269 | post_correct_update_matrix: fit_Psych_curve returned None at interval 1, filling with NaNs
2026-03-06 03:27:17,519 | WARNING | Hybrid_hpc_utils:16 | 🔍 Logging initialized in hpc_utils.py
2026-03-06 03:27:19,108 | WARNING | Fitter:20 | 🔍 Logging initialized in Fitter.py
2026-03-06 03:27:19,388 | WARNING | Gradient_free_Opt:17 | 🔍 Logging initialized in Gradient_free_Opt.py
2026-03-06 03:32:29,282 | WARNING | Hybrid_hpc_utils:16 | 🔍 Logging initialized in hpc_utils.py
2026-03-06 03:32:30,785 | WARNING | Fitter:20 | 🔍 Logging initialized in Fitter.py
2026-03-06 03:32:31,058 | WARNING | Gradient_free_Opt:17 | 🔍 Logging initialized in Gradient_free_Opt.py
2026-03-06 03:32:42,931 | WARNING | Hybrid_hpc_utils:16 | 🔍 Logging initialized in hpc_utils.py
2026-03-06 03:32:44,439 | WARNING | Fitter:20 | 🔍 Logging initialized in Fitter.py
2026-03-06 03:32:44,726 | WARNING | Gradient_free_Opt:17 | 🔍 Logging initialized in Gradient_free_Opt.py
2026-03-06 03:36:50,474 | WARNING | Hybrid_hpc_utils:16 | 🔍 Logging initialized in hpc_utils.py
2026-03-06 03:36:52,097 | WARNING | Fitter:20 | 🔍 Logging initialized in Fitter.py
2026-03-06 03:36:52,440 | WARNING | Gradient_free_Opt:17 | 🔍 Logging initialized in Gradient_free_Opt.py
2026-03-06 03:38:25,878 | WARNING | Hybrid_hpc_utils:16 | 🔍 Logging initialized in hpc_utils.py
2026-03-06 03:38:27,374 | WARNING | Fitter:20 | 🔍 Logging initialized in Fitter.py
2026-03-06 03:38:27,637 | WARNING | Gradient_free_Opt:17 | 🔍 Logging initialized in Gradient_free_Opt.py
2026-03-06 03:43:42,066 | WARNING | Hybrid_hpc_utils:16 | 🔍 Logging initialized in hpc_utils.py
2026-03-06 03:43:43,586 | WARNING | Fitter:20 | 🔍 Logging initialized in Fitter.py
2026-03-06 03:43:43,889 | WARNING | Gradient_free_Opt:17 | 🔍 Logging initialized in Gradient_free_Opt.py
2026-03-06 03:44:37,292 | WARNING | Hybrid_hpc_utils:16 | 🔍 Logging initialized in hpc_utils.py
2026-03-06 03:44:38,849 | WARNING | Fitter:20 | 🔍 Logging initialized in Fitter.py
2026-03-06 03:44:39,112 | WARNING | Gradient_free_Opt:17 | 🔍 Logging initialized in Gradient_free_Opt.py
2026-03-06 03:52:18,140 | WARNING | Hybrid_hpc_utils:16 | 🔍 Logging initialized in hpc_utils.py
2026-03-06 03:52:19,815 | WARNING | Fitter:20 | 🔍 Logging initialized in Fitter.py
2026-03-06 03:52:20,133 | WARNING | Gradient_free_Opt:17 | 🔍 Logging initialized in Gradient_free_Opt.py
2026-03-06 03:53:50,922 | WARNING | Hybrid_hpc_utils:16 | 🔍 Logging initialized in hpc_utils.py
2026-03-06 03:53:52,460 | WARNING | Fitter:20 | 🔍 Logging initialized in Fitter.py
2026-03-06 03:53:52,736 | WARNING | Gradient_free_Opt:17 | 🔍 Logging initialized in Gradient_free_Opt.py
2026-03-06 03:54:16,722 | WARNING | Hybrid_hpc_utils:16 | 🔍 Logging initialized in hpc_utils.py
2026-03-06 03:54:18,338 | WARNING | Fitter:20 | 🔍 Logging initialized in Fitter.py
2026-03-06 03:54:18,651 | WARNING | Gradient_free_Opt:17 | 🔍 Logging initialized in Gradient_free_Opt.py
2026-03-06 03:54:35,313 | WARNING | Fitter:269 | post_correct_update_matrix: fit_Psych_curve returned None at interval 0, filling with NaNs
2026-03-06 03:54:49,420 | WARNING | Fitter:269 | post_correct_update_matrix: fit_Psych_curve returned None at interval 0, filling with NaNs
2026-03-06 03:55:45,714 | WARNING | Fitter:269 | post_correct_update_matrix: fit_Psych_curve returned None at interval 0, filling with NaNs
2026-03-06 04:01:09,053 | WARNING | Hybrid_hpc_utils:16 | 🔍 Logging initialized in hpc_utils.py
2026-03-06 04:01:10,591 | WARNING | Fitter:20 | 🔍 Logging initialized in Fitter.py
2026-03-06 04:01:10,934 | WARNING | Gradient_free_Opt:17 | 🔍 Logging initialized in Gradient_free_Opt.py
2026-03-06 04:02:02,138 | WARNING | Hybrid_hpc_utils:16 | 🔍 Logging initialized in hpc_utils.py
2026-03-06 04:02:03,849 | WARNING | Fitter:20 | 🔍 Logging initialized in Fitter.py
2026-03-06 04:02:04,168 | WARNING | Gradient_free_Opt:17 | 🔍 Logging initialized in Gradient_free_Opt.py
2026-03-06 04:07:59,219 | WARNING | Hybrid_hpc_utils:16 | 🔍 Logging initialized in hpc_utils.py
2026-03-06 04:08:04,260 | WARNING | Fitter:20 | 🔍 Logging initialized in Fitter.py
2026-03-06 04:08:06,658 | WARNING | Gradient_free_Opt:17 | 🔍 Logging initialized in Gradient_free_Opt.py
2026-03-06 04:11:23,077 | WARNING | Hybrid_hpc_utils:16 | 🔍 Logging initialized in hpc_utils.py
2026-03-06 04:11:27,140 | WARNING | Fitter:20 | 🔍 Logging initialized in Fitter.py
2026-03-06 04:11:28,056 | WARNING | Gradient_free_Opt:17 | 🔍 Logging initialized in Gradient_free_Opt.py
2026-03-06 04:12:23,912 | WARNING | Hybrid_hpc_utils:16 | 🔍 Logging initialized in hpc_utils.py
2026-03-06 04:12:28,319 | WARNING | Fitter:20 | 🔍 Logging initialized in Fitter.py
2026-03-06 04:12:29,210 | WARNING | Gradient_free_Opt:17 | 🔍 Logging initialized in Gradient_free_Opt.py
2026-03-06 04:12:45,825 | WARNING | Hybrid_hpc_utils:16 | 🔍 Logging initialized in hpc_utils.py
2026-03-06 04:12:50,082 | WARNING | Fitter:20 | 🔍 Logging initialized in Fitter.py
2026-03-06 04:12:51,083 | WARNING | Gradient_free_Opt:17 | 🔍 Logging initialized in Gradient_free_Opt.py
2026-03-06 04:15:07,614 | WARNING | Hybrid_hpc_utils:16 | 🔍 Logging initialized in hpc_utils.py
2026-03-06 04:15:09,478 | WARNING | Fitter:20 | 🔍 Logging initialized in Fitter.py
2026-03-06 04:15:09,852 | WARNING | Gradient_free_Opt:17 | 🔍 Logging initialized in Gradient_free_Opt.py
2026-03-06 04:22:23,709 | WARNING | Hybrid_hpc_utils:16 | 🔍 Logging initialized in hpc_utils.py
2026-03-06 04:22:25,296 | WARNING | Fitter:20 | 🔍 Logging initialized in Fitter.py
2026-03-06 04:22:25,591 | WARNING | Gradient_free_Opt:17 | 🔍 Logging initialized in Gradient_free_Opt.py
2026-03-06 04:48:30,383 | WARNING | Hybrid_hpc_utils:16 | 🔍 Logging initialized in hpc_utils.py
2026-03-06 04:48:32,024 | WARNING | Fitter:20 | 🔍 Logging initialized in Fitter.py
2026-03-06 04:48:32,345 | WARNING | Gradient_free_Opt:17 | 🔍 Logging initialized in Gradient_free_Opt.py
2026-03-06 06:41:02,263 | WARNING | Hybrid_hpc_utils:16 | 🔍 Logging initialized in hpc_utils.py
2026-03-06 06:41:03,948 | WARNING | Fitter:20 | 🔍 Logging initialized in Fitter.py
2026-03-06 06:41:04,261 | WARNING | Gradient_free_Opt:17 | 🔍 Logging initialized in Gradient_free_Opt.py
2026-03-06 06:54:49,673 | WARNING | Hybrid_hpc_utils:16 | 🔍 Logging initialized in hpc_utils.py
2026-03-06 06:54:51,279 | WARNING | Fitter:20 | 🔍 Logging initialized in Fitter.py
2026-03-06 06:54:51,575 | WARNING | Gradient_free_Opt:17 | 🔍 Logging initialized in Gradient_free_Opt.py
2026-03-06 07:03:11,979 | WARNING | Hybrid_hpc_utils:16 | 🔍 Logging initialized in hpc_utils.py
2026-03-06 07:03:13,402 | WARNING | Fitter:20 | 🔍 Logging initialized in Fitter.py
2026-03-06 07:03:13,711 | WARNING | Gradient_free_Opt:17 | 🔍 Logging initialized in Gradient_free_Opt.py
2026-03-06 07:04:42,676 | WARNING | Hybrid_hpc_utils:16 | 🔍 Logging initialized in hpc_utils.py
2026-03-06 07:04:44,119 | WARNING | Fitter:20 | 🔍 Logging initialized in Fitter.py
2026-03-06 07:04:44,384 | WARNING | Gradient_free_Opt:17 | 🔍 Logging initialized in Gradient_free_Opt.py
2026-03-06 07:10:06,651 | WARNING | Hybrid_hpc_utils:16 | 🔍 Logging initialized in hpc_utils.py
2026-03-06 07:10:15,799 | WARNING | Hybrid_hpc_utils:16 | 🔍 Logging initialized in hpc_utils.py
:10:12,881 | WARNING | Gradient_free_Opt:17 | 🔍 Logging initialized in Gradient_free_Opt.py
2026-03-06 07:10:20,445 | WARNING | Fitter:20 | 🔍 Logging initialized in Fitter.py
2026-03-06 07:10:21,588 | WARNING | Gradient_free_Opt:17 | 🔍 Logging initialized in Gradient_free_Opt.py
2026-03-06 07:19:08,896 | WARNING | Hybrid_hpc_utils:16 | 🔍 Logging initialized in hpc_utils.py
2026-03-06 07:19:10,480 | WARNING | Fitter:20 | 🔍 Logging initialized in Fitter.py
2026-03-06 07:19:10,785 | WARNING | Gradient_free_Opt:17 | 🔍 Logging initialized in Gradient_free_Opt.py
2026-03-06 07:26:41,117 | WARNING | Hybrid_hpc_utils:16 | 🔍 Logging initialized in hpc_utils.py
2026-03-06 07:26:42,718 | WARNING | Fitter:20 | 🔍 Logging initialized in Fitter.py
2026-03-06 07:26:43,020 | WARNING | Gradient_free_Opt:17 | 🔍 Logging initialized in Gradient_free_Opt.py
2026-03-06 07:30:18,997 | WARNING | Hybrid_hpc_utils:16 | 🔍 Logging initialized in hpc_utils.py
2026-03-06 07:30:20,640 | WARNING | Fitter:20 | 🔍 Logging initialized in Fitter.py
2026-03-06 07:30:20,952 | WARNING | Gradient_free_Opt:17 | 🔍 Logging initialized in Gradient_free_Opt.py
2026-03-06 07:33:20,107 | WARNING | Hybrid_hpc_utils:16 | 🔍 Logging initialized in hpc_utils.py
2026-03-06 07:33:21,573 | WARNING | Fitter:20 | 🔍 Logging initialized in Fitter.py
2026-03-06 07:33:21,891 | WARNING | Gradient_free_Opt:17 | 🔍 Logging initialized in Gradient_free_Opt.py
2026-03-06 07:36:30,438 | WARNING | Hybrid_hpc_utils:16 | 🔍 Logging initialized in hpc_utils.py
2026-03-06 07:36:32,042 | WARNING | Fitter:20 | 🔍 Logging initialized in Fitter.py
2026-03-06 07:36:32,338 | WARNING | Gradient_free_Opt:17 | 🔍 Logging initialized in Gradient_free_Opt.py
2026-03-06 07:42:44,778 | WARNING | Hybrid_hpc_utils:16 | 🔍 Logging initialized in hpc_utils.py
2026-03-06 07:42:46,461 | WARNING | Fitter:20 | 🔍 Logging initialized in Fitter.py
2026-03-06 07:42:46,765 | WARNING | Gradient_free_Opt:17 | 🔍 Logging initialized in Gradient_free_Opt.py
2026-03-06 08:31:07,694 | WARNING | Hybrid_hpc_utils:16 | 🔍 Logging initialized in hpc_utils.py
2026-03-06 08:31:09,368 | WARNING | Fitter:20 | 🔍 Logging initialized in Fitter.py
2026-03-06 08:31:09,703 | WARNING | Gradient_free_Opt:17 | 🔍 Logging initialized in Gradient_free_Opt.py
2026-03-06 09:50:13,174 | WARNING | Hybrid_hpc_utils:16 | 🔍 Logging initialized in hpc_utils.py
2026-03-06 09:50:14,645 | WARNING | Fitter:20 | 🔍 Logging initialized in Fitter.py
2026-03-06 09:50:14,976 | WARNING | Gradient_free_Opt:17 | 🔍 Logging initialized in Gradient_free_Opt.py
2026-03-06 09:57:12,270 | WARNING | Hybrid_hpc_utils:16 | 🔍 Logging initialized in hpc_utils.py
2026-03-06 09:57:13,959 | WARNING | Fitter:20 | 🔍 Logging initialized in Fitter.py
2026-03-06 09:57:14,289 | WARNING | Gradient_free_Opt:17 | 🔍 Logging initialized in Gradient_free_Opt.py
2026-03-06 10:10:40,140 | WARNING | Hybrid_hpc_utils:16 | 🔍 Logging initialized in hpc_utils.py
2026-03-06 10:10:42,032 | WARNING | Fitter:20 | 🔍 Logging initialized in Fitter.py
2026-03-06 10:10:42,385 | WARNING | Gradient_free_Opt:17 | 🔍 Logging initialized in Gradient_free_Opt.py
2026-03-06 10:15:09,576 | WARNING | Hybrid_hpc_utils:16 | 🔍 Logging initialized in hpc_utils.py
2026-03-06 10:15:12,399 | WARNING | Fitter:20 | 🔍 Logging initialized in Fitter.py
2026-03-06 10:15:12,794 | WARNING | Gradient_free_Opt:17 | 🔍 Logging initialized in Gradient_free_Opt.py
2026-03-06 10:38:26,209 | WARNING | Hybrid_hpc_utils:16 | 🔍 Logging initialized in hpc_utils.py
2026-03-06 10:38:28,026 | WARNING | Fitter:20 | 🔍 Logging initialized in Fitter.py
2026-03-06 10:38:28,352 | WARNING | Gradient_free_Opt:17 | 🔍 Logging initialized in Gradient_free_Opt.py
2026-03-06 10:38:59,789 | WARNING | Hybrid_hpc_utils:16 | 🔍 Logging initialized in hpc_utils.py
2026-03-06 10:39:01,460 | WARNING | Fitter:20 | 🔍 Logging initialized in Fitter.py
2026-03-06 10:39:01,773 | WARNING | Gradient_free_Opt:17 | 🔍 Logging initialized in Gradient_free_Opt.py
2026-03-06 10:49:31,631 | WARNING | Hybrid_hpc_utils:16 | 🔍 Logging initialized in hpc_utils.py
2026-03-06 10:49:33,295 | WARNING | Fitter:20 | 🔍 Logging initialized in Fitter.py
2026-03-06 10:49:33,621 | WARNING | Gradient_free_Opt:17 | 🔍 Logging initialized in Gradient_free_Opt.py
2026-03-06 10:53:33,466 | WARNING | Hybrid_hpc_utils:16 | 🔍 Logging initialized in hpc_utils.py
2026-03-06 10:53:35,139 | WARNING | Fitter:20 | 🔍 Logging initialized in Fitter.py
2026-03-06 10:53:35,450 | WARNING | Gradient_free_Opt:17 | 🔍 Logging initialized in Gradient_free_Opt.py
2026-03-06 11:02:15,690 | WARNING | Hybrid_hpc_utils:16 | 🔍 Logging initialized in hpc_utils.py
2026-03-06 11:02:17,331 | WARNING | Fitter:20 | 🔍 Logging initialized in Fitter.py
2026-03-06 11:02:17,639 | WARNING | Gradient_free_Opt:17 | 🔍 Logging initialized in Gradient_free_Opt.py
2026-03-06 11:04:11,839 | WARNING | Hybrid_hpc_utils:16 | 🔍 Logging initialized in hpc_utils.py
2026-03-06 11:04:13,444 | WARNING | Fitter:20 | 🔍 Logging initialized in Fitter.py
2026-03-06 11:04:13,767 | WARNING | Gradient_free_Opt:17 | 🔍 Logging initialized in Gradient_free_Opt.py
2026-03-06 11:07:15,495 | WARNING | Hybrid_hpc_utils:16 | 🔍 Logging initialized in hpc_utils.py
2026-03-06 11:07:18,729 | WARNING | Fitter:20 | 🔍 Logging initialized in Fitter.py
2026-03-06 11:07:19,942 | WARNING | Gradient_free_Opt:17 | 🔍 Logging initialized in Gradient_free_Opt.py
2026-03-06 11:16:34,833 | WARNING | Hybrid_hpc_utils:16 | 🔍 Logging initialized in hpc_utils.py
2026-03-06 11:16:36,562 | WARNING | Fitter:20 | 🔍 Logging initialized in Fitter.py
2026-03-06 11:16:36,901 | WARNING | Gradient_free_Opt:17 | 🔍 Logging initialized in Gradient_free_Opt.py
2026-03-06 12:46:41,652 | WARNING | Hybrid_hpc_utils:16 | 🔍 Logging initialized in hpc_utils.py
2026-03-06 12:46:43,315 | WARNING | Fitter:20 | 🔍 Logging initialized in Fitter.py
2026-03-06 12:46:43,646 | WARNING | Gradient_free_Opt:17 | 🔍 Logging initialized in Gradient_free_Opt.py
2026-03-06 13:30:04,920 | WARNING | Hybrid_hpc_utils:16 | 🔍 Logging initialized in hpc_utils.py
2026-03-06 13:30:13,833 | WARNING | Fitter:20 | 🔍 Logging initialized in Fitter.py
2026-03-06 13:30:15,062 | WARNING | Gradient_free_Opt:17 | 🔍 Logging initialized in Gradient_free_Opt.py
2026-03-06 13:31:48,953 | WARNING | Hybrid_hpc_utils:16 | 🔍 Logging initialized in hpc_utils.py
2026-03-06 13:31:56,022 | WARNING | Fitter:20 | 🔍 Logging initialized in Fitter.py
2026-03-06 13:31:56,529 | WARNING | Gradient_free_Opt:17 | 🔍 Logging initialized in Gradient_free_Opt.py
2026-03-06 13:40:44,878 | WARNING | Hybrid_hpc_utils:16 | 🔍 Logging initialized in hpc_utils.py
2026-03-06 13:40:49,316 | WARNING | Fitter:20 | 🔍 Logging initialized in Fitter.py
2026-03-06 13:40:49,754 | WARNING | Gradient_free_Opt:17 | 🔍 Logging initialized in Gradient_free_Opt.py
2026-03-06 14:05:55,818 | WARNING | Hybrid_hpc_utils:16 | 🔍 Logging initialized in hpc_utils.py
2026-03-06 14:05:57,691 | WARNING | Fitter:20 | 🔍 Logging initialized in Fitter.py
2026-03-06 14:05:58,036 | WARNING | Gradient_free_Opt:17 | 🔍 Logging initialized in Gradient_free_Opt.py
2026-03-06 14:17:08,126 | WARNING | Hybrid_hpc_utils:16 | 🔍 Logging initialized in hpc_utils.py
2026-03-06 14:17:12,658 | WARNING | Fitter:20 | 🔍 Logging initialized in Fitter.py
2026-03-06 14:17:15,901 | WARNING | Gradient_free_Opt:17 | 🔍 Logging initialized in Gradient_free_Opt.py
2026-03-06 14:51:57,570 | WARNING | Hybrid_hpc_utils:16 | 🔍 Logging initialized in hpc_utils.py
2026-03-06 14:51:59,348 | WARNING | Fitter:20 | 🔍 Logging initialized in Fitter.py
2026-03-06 14:51:59,687 | WARNING | Gradient_free_Opt:17 | 🔍 Logging initialized in Gradient_free_Opt.py
2026-03-06 14:56:10,786 | WARNING | Hybrid_hpc_utils:16 | 🔍 Logging initialized in hpc_utils.py
2026-03-06 14:56:12,314 | WARNING | Fitter:20 | 🔍 Logging initialized in Fitter.py
2026-03-06 14:56:12,609 | WARNING | Gradient_free_Opt:17 | 🔍 Logging initialized in Gradient_free_Opt.py
2026-03-06 15:17:07,088 | WARNING | Hybrid_hpc_utils:16 | 🔍 Logging initialized in hpc_utils.py
2026-03-06 15:17:09,507 | WARNING | Fitter:20 | 🔍 Logging initialized in Fitter.py
2026-03-06 15:17:10,050 | WARNING | Gradient_free_Opt:17 | 🔍 Logging initialized in Gradient_free_Opt.py
2026-03-06 15:17:46,179 | WARNING | Hybrid_hpc_utils:16 | 🔍 Logging initialized in hpc_utils.py
2026-03-06 15:17:52,530 | WARNING | Fitter:20 | 🔍 Logging initialized in Fitter.py
2026-03-06 15:17:55,063 | WARNING | Gradient_free_Opt:17 | 🔍 Logging initialized in Gradient_free_Opt.py
2026-03-06 15:20:42,544 | WARNING | Hybrid_hpc_utils:16 | 🔍 Logging initialized in hpc_utils.py
2026-03-06 15:20:47,915 | WARNING | Fitter:20 | 🔍 Logging initialized in Fitter.py
2026-03-06 15:20:49,134 | WARNING | Gradient_free_Opt:17 | 🔍 Logging initialized in Gradient_free_Opt.py
2026-03-06 15:21:48,840 | WARNING | Hybrid_hpc_utils:16 | 🔍 Logging initialized in hpc_utils.py
2026-03-06 15:21:56,443 | WARNING | Fitter:20 | 🔍 Logging initialized in Fitter.py
2026-03-06 15:21:59,765 | WARNING | Gradient_free_Opt:17 | 🔍 Logging initialized in Gradient_free_Opt.py
2026-03-06 15:33:20,669 | WARNING | Hybrid_hpc_utils:16 | 🔍 Logging initialized in hpc_utils.py
2026-03-06 15:33:22,367 | WARNING | Fitter:20 | 🔍 Logging initialized in Fitter.py
2026-03-06 15:33:22,709 | WARNING | Gradient_free_Opt:17 | 🔍 Logging initialized in Gradient_free_Opt.py
2026-03-06 16:37:38,456 | WARNING | Hybrid_hpc_utils:16 | 🔍 Logging initialized in hpc_utils.py
2026-03-06 16:37:41,558 | WARNING | Fitter:20 | 🔍 Logging initialized in Fitter.py
2026-03-06 16:37:41,927 | WARNING | Gradient_free_Opt:17 | 🔍 Logging initialized in Gradient_free_Opt.py
2026-03-06 17:39:15,889 | WARNING | Hybrid_hpc_utils:16 | 🔍 Logging initialized in hpc_utils.py
2026-03-06 17:39:17,742 | WARNING | Fitter:20 | 🔍 Logging initialized in Fitter.py
2026-03-06 17:39:18,119 | WARNING | Gradient_free_Opt:17 | 🔍 Logging initialized in Gradient_free_Opt.py
2026-03-06 17:39:56,106 | WARNING | Hybrid_hpc_utils:16 | 🔍 Logging initialized in hpc_utils.py
2026-03-06 17:39:57,628 | WARNING | Fitter:20 | 🔍 Logging initialized in Fitter.py
2026-03-06 17:39:57,914 | WARNING | Gradient_free_Opt:17 | 🔍 Logging initialized in Gradient_free_Opt.py
2026-03-06 17:51:45,428 | WARNING | Hybrid_hpc_utils:16 | 🔍 Logging initialized in hpc_utils.py
2026-03-06 17:51:47,084 | WARNING | Fitter:20 | 🔍 Logging initialized in Fitter.py
2026-03-06 17:51:47,366 | WARNING | Gradient_free_Opt:17 | 🔍 Logging initialized in Gradient_free_Opt.py
2026-03-06 18:29:50,659 | WARNING | Hybrid_hpc_utils:16 | 🔍 Logging initialized in hpc_utils.py
2026-03-06 18:29:52,342 | WARNING | Fitter:20 | 🔍 Logging initialized in Fitter.py
2026-03-06 18:29:52,666 | WARNING | Gradient_free_Opt:17 | 🔍 Logging initialized in Gradient_free_Opt.py
2026-03-06 18:42:19,429 | WARNING | Hybrid_hpc_utils:16 | 🔍 Logging initialized in hpc_utils.py
2026-03-06 18:42:21,215 | WARNING | Fitter:20 | 🔍 Logging initialized in Fitter.py
2026-03-06 18:42:21,565 | WARNING | Gradient_free_Opt:17 | 🔍 Logging initialized in Gradient_free_Opt.py
2026-03-06 19:05:50,020 | WARNING | Hybrid_hpc_utils:16 | 🔍 Logging initialized in hpc_utils.py
2026-03-06 19:05:51,852 | WARNING | Fitter:20 | 🔍 Logging initialized in Fitter.py
2026-03-06 19:05:52,183 | WARNING | Gradient_free_Opt:17 | 🔍 Logging initialized in Gradient_free_Opt.py
2026-03-06 19:28:56,991 | WARNING | Hybrid_hpc_utils:16 | 🔍 Logging initialized in hpc_utils.py
2026-03-06 19:28:58,847 | WARNING | Fitter:20 | 🔍 Logging initialized in Fitter.py
2026-03-06 19:28:59,287 | WARNING | Gradient_free_Opt:17 | 🔍 Logging initialized in Gradient_free_Opt.py
2026-03-06 19:31:02,403 | WARNING | Hybrid_hpc_utils:16 | 🔍 Logging initialized in hpc_utils.py
2026-03-06 19:31:04,248 | WARNING | Fitter:20 | 🔍 Logging initialized in Fitter.py
2026-03-06 19:31:04,617 | WARNING | Gradient_free_Opt:17 | 🔍 Logging initialized in Gradient_free_Opt.py
2026-03-06 19:36:15,601 | WARNING | Hybrid_hpc_utils:16 | 🔍 Logging initialized in hpc_utils.py
2026-03-06 19:36:17,069 | WARNING | Fitter:20 | 🔍 Logging initialized in Fitter.py
2026-03-06 19:36:17,355 | WARNING | Gradient_free_Opt:17 | 🔍 Logging initialized in Gradient_free_Opt.py
2026-03-06 20:51:19,759 | WARNING | Hybrid_hpc_utils:16 | 🔍 Logging initialized in hpc_utils.py
2026-03-06 20:51:22,161 | WARNING | Fitter:20 | 🔍 Logging initialized in Fitter.py
2026-03-06 20:51:22,479 | WARNING | Gradient_free_Opt:17 | 🔍 Logging initialized in Gradient_free_Opt.py
2026-03-06 21:03:19,364 | WARNING | Hybrid_hpc_utils:16 | 🔍 Logging initialized in hpc_utils.py
2026-03-06 21:03:20,876 | WARNING | Fitter:20 | 🔍 Logging initialized in Fitter.py
2026-03-06 21:03:21,189 | WARNING | Gradient_free_Opt:17 | 🔍 Logging initialized in Gradient_free_Opt.py
2026-03-06 21:07:51,033 | WARNING | Hybrid_hpc_utils:16 | 🔍 Logging initialized in hpc_utils.py
2026-03-06 21:07:54,527 | WARNING | Fitter:20 | 🔍 Logging initialized in Fitter.py
2026-03-06 21:07:55,350 | WARNING | Gradient_free_Opt:17 | 🔍 Logging initialized in Gradient_free_Opt.py
2026-03-06 21:13:45,649 | WARNING | Fitter:269 | post_correct_update_matrix: fit_Psych_curve returned None at interval 5, filling with NaNs
